[www.crazyfrogcoins.com/index.html]
[www.crazyfrogcoins.com/assets/images/LogoCRazyy.png]
[cdn.jsdelivr.net/npm/tw-elements/dist/css/tw-elements.min.css]
[kit.fontawesome.com/1660f10c2d.js]
[unpkg.com/aos@2.3.1/dist/aos.css]
[www.crazyfrogcoins.com/assets/css/style.css]
[backblue.gif]
[fade.gif]
[index.html]
[www.crazyfrogcoins.com/assets/images/background1.png]
[www.crazyfrogcoins.com/assets/images/cartoon1.png]
[www.crazyfrogcoins.com/assets/images/bunny-mono.png]
[www.crazyfrogcoins.com/assets/images/cartoon2.png]
[www.crazyfrogcoins.com/assets/images/cartoon3.png]
[www.crazyfrogcoins.com/assets/images/cartoon4.png]
[www.crazyfrogcoins.com/assets/images/cartoon5.png]
[www.crazyfrogcoins.com/assets/images/cartoon6.png]
[www.crazyfrogcoins.com/disclaimer.html]
[cdn.jsdelivr.net/npm/tw-elements/dist/js/tw-elements.umd.min.js]
[www.crazyfrogcoins.com/index.html]
[unpkg.com/aos@2.3.1/dist/aos.js]
[mdbootstrap.com/img/svg/flags.png]
[cdn.jsdelivr.net/npm/tw-elements/dist/css/tw-elements.min.css]
[unpkg.com/aos@2.3.1/dist/aos.css]
[www.crazyfrogcoins.com/assets/fonts/ComingSoon-Regular.ttf]
[www.crazyfrogcoins.com/assets/css/style.css]
[www.crazyfrogcoins.com/assets/images/poocoin-poocoin-logo.svg]
[www.crazyfrogcoins.com/assets/images/background2.gif]
[www.crazyfrogcoins.com/disclaimer.html]
